Archive member included to satisfy reference by file (symbol)

/opt/riscv/lib/gcc/riscv32-unknown-elf/12.1.0/libgcc.a(muldi3.o)
                              counter_la_merge.elf-merge.o (__mulsi3)

Memory Configuration

Name             Origin             Length             Attributes
vexriscv_debug   0x00000000f00f0000 0x0000000000000100
dff              0x0000000000000000 0x0000000000000400
dff2             0x0000000000000400 0x0000000000000200
flash            0x0000000010000000 0x0000000001000000
mprj             0x0000000030000000 0x0000000000100000
mprjram          0x0000000038000000 0x0000000000400000
hk               0x0000000026000000 0x0000000000100000
csr              0x00000000f0000000 0x0000000000010000
*default*        0x0000000000000000 0xffffffffffffffff

Linker script and memory map

                0x0000000000000000                __DYNAMIC = 0x0

.text           0x0000000010000000      0xa54
                0x0000000010000000                _ftext = .
 *crt0*(.text)
 .text          0x0000000010000000      0x148 counter_la_merge.elf-crt0_vex.o
                0x0000000010000000                _start
                0x0000000010000020                trap_entry
 *crt0*(.text)
 *(.text.isr)
                0x0000000010000148                _etext = .
 .text          0x0000000010000148      0x15c counter_la_merge.elf-isr.o
                0x0000000010000238                isr
 .text          0x00000000100002a4       0x38 counter_la_merge.elf-merge.o
 .text          0x00000000100002dc      0x778 counter_la_merge.elf-counter_la_merge.o
                0x000000001000037c                putchar
                0x00000000100003e4                print
                0x0000000010000488                main

.mprj           0x0000000010000a54      0x1ec
 .mprj          0x0000000010000a54      0x1ec counter_la_merge.elf-merge.o
                0x0000000010000a54                uart_write
                0x0000000010000a9c                uart_write_char
                0x0000000010000b04                uart_write_string
                0x0000000010000b58                uart_read_char
                0x0000000010000bcc                uart_read

.rodata         0x0000000010000c40        0x0
                0x0000000010000c40                . = ALIGN (0x8)
 *fill*         0x0000000010000c40        0x0 
                0x0000000010000c40                _frodata = .
 *(.rodata .rodata.* .gnu.linkonce.r.*)
 *(.rodata1)
                0x0000000010000c40                . = ALIGN (0x8)
                0x0000000010000c40                _erodata = .

.data           0x0000000000000000      0x108 load address 0x0000000010000c40
                0x0000000000000000                . = ALIGN (0x8)
                0x0000000000000000                _fdata = .
 *(.data .data.* .gnu.linkonce.d.*)
 .data          0x0000000000000000        0x0 counter_la_merge.elf-crt0_vex.o
 .data          0x0000000000000000        0x0 counter_la_merge.elf-isr.o
 .data          0x0000000000000000      0x100 counter_la_merge.elf-merge.o
                0x0000000000000000                taps
                0x000000000000002c                inputsignal
                0x0000000000000058                A
                0x0000000000000098                B
                0x00000000000000d8                C
 .data          0x0000000000000100        0x0 counter_la_merge.elf-counter_la_merge.o
 .data          0x0000000000000100        0x0 /opt/riscv/lib/gcc/riscv32-unknown-elf/12.1.0/libgcc.a(muldi3.o)
 *(.data1)
                0x0000000000000100                _gp = ALIGN (0x10)
 *(.sdata .sdata.* .gnu.linkonce.s.*)
 .sdata         0x0000000000000100        0x4 counter_la_merge.elf-isr.o
                0x0000000000000100                counter
                0x0000000000000108                . = ALIGN (0x8)
 *fill*         0x0000000000000104        0x4 
                0x0000000000000108                _edata = .

.bss            0x0000000000000108       0x98 load address 0x0000000010000d48
                0x0000000000000108                . = ALIGN (0x8)
                0x0000000000000108                _fbss = .
 *(.dynsbss)
 *(.sbss .sbss.* .gnu.linkonce.sb.*)
 *(.scommon)
 *(.dynbss)
 *(.bss .bss.* .gnu.linkonce.b.*)
 .bss           0x0000000000000108        0x0 counter_la_merge.elf-crt0_vex.o
 .bss           0x0000000000000108        0x0 counter_la_merge.elf-isr.o
 .bss           0x0000000000000108       0x98 counter_la_merge.elf-merge.o
                0x0000000000000108                inputbuffer
                0x0000000000000134                outputsignal
                0x0000000000000160                result
 .bss           0x00000000000001a0        0x0 counter_la_merge.elf-counter_la_merge.o
 .bss           0x00000000000001a0        0x0 /opt/riscv/lib/gcc/riscv32-unknown-elf/12.1.0/libgcc.a(muldi3.o)
 *(COMMON)
                0x00000000000001a0                . = ALIGN (0x8)
                0x00000000000001a0                _ebss = .
                0x00000000000001a0                _end = .

.mprjram        0x0000000038000000      0x53c load address 0x0000000010000d48
                0x0000000038000000                . = ALIGN (0x8)
                0x0000000038000000                _fsram = .
 *libgcc.a:*(.text .text.*)
 .text          0x0000000038000000       0x24 /opt/riscv/lib/gcc/riscv32-unknown-elf/12.1.0/libgcc.a(muldi3.o)
                0x0000000038000000                __mulsi3
 .mprjram       0x0000000038000024      0x518 counter_la_merge.elf-merge.o
                0x0000000038000024                initfir
                0x000000003800008c                firfilter
                0x000000003800017c                fir
                0x00000000380001fc                matmul
                0x0000000038000314                partition
                0x0000000038000498                sort
                0x0000000038000508                qsort
                0x0000000000000600                PROVIDE (_fstack = (ORIGIN (dff2) + LENGTH (dff2)))
                0x0000000010000c40                PROVIDE (_fdata_rom = LOADADDR (.data))
                [!provide]                        PROVIDE (_edata_rom = (LOADADDR (.data) + SIZEOF (.data)))
                0x000000003800053c                PROVIDE (_esram = (ORIGIN (mprjram) + SIZEOF (.mprjram)))
                0x0000000010000d48                PROVIDE (_esram_rom = LOADADDR (.mprjram))
LOAD counter_la_merge.elf-crt0_vex.o
LOAD counter_la_merge.elf-isr.o
LOAD counter_la_merge.elf-merge.o
LOAD counter_la_merge.elf-counter_la_merge.o
LOAD /opt/riscv/lib/gcc/riscv32-unknown-elf/12.1.0/libgcc.a
START GROUP
LOAD /opt/riscv/lib/gcc/riscv32-unknown-elf/12.1.0/../../../../riscv32-unknown-elf/lib/libc.a
LOAD /opt/riscv/lib/gcc/riscv32-unknown-elf/12.1.0/../../../../riscv32-unknown-elf/lib/libgloss.a
END GROUP
LOAD /opt/riscv/lib/gcc/riscv32-unknown-elf/12.1.0/libgcc.a
OUTPUT(counter_la_merge.elf elf32-littleriscv)

.rela.dyn       0x000000003800053c        0x0 load address 0x0000000010001284
 .rela.text     0x000000003800053c        0x0 counter_la_merge.elf-crt0_vex.o

.riscv.attributes
                0x0000000000000000       0x20
 .riscv.attributes
                0x0000000000000000       0x1e counter_la_merge.elf-crt0_vex.o
 .riscv.attributes
                0x000000000000001e       0x20 counter_la_merge.elf-isr.o
 .riscv.attributes
                0x000000000000003e       0x1c counter_la_merge.elf-merge.o
 .riscv.attributes
                0x000000000000005a       0x20 counter_la_merge.elf-counter_la_merge.o
 .riscv.attributes
                0x000000000000007a       0x1a /opt/riscv/lib/gcc/riscv32-unknown-elf/12.1.0/libgcc.a(muldi3.o)

.comment        0x0000000000000000       0x1b
 .comment       0x0000000000000000       0x1b counter_la_merge.elf-isr.o
                                         0x1c (size before relaxing)
 .comment       0x000000000000001b       0x1c counter_la_merge.elf-merge.o
 .comment       0x000000000000001b       0x1c counter_la_merge.elf-counter_la_merge.o

.debug_line     0x0000000000000000     0x118d
 .debug_line    0x0000000000000000      0x20a counter_la_merge.elf-crt0_vex.o
 .debug_line    0x000000000000020a      0x151 counter_la_merge.elf-isr.o
 .debug_line    0x000000000000035b      0x638 counter_la_merge.elf-merge.o
 .debug_line    0x0000000000000993      0x780 counter_la_merge.elf-counter_la_merge.o
 .debug_line    0x0000000000001113       0x7a /opt/riscv/lib/gcc/riscv32-unknown-elf/12.1.0/libgcc.a(muldi3.o)

.debug_line_str
                0x0000000000000000      0x196
 .debug_line_str
                0x0000000000000000       0x54 counter_la_merge.elf-crt0_vex.o
 .debug_line_str
                0x0000000000000054       0x8c counter_la_merge.elf-isr.o
                                        0x11b (size before relaxing)
 .debug_line_str
                0x00000000000000e0        0x8 counter_la_merge.elf-merge.o
                                         0xef (size before relaxing)
 .debug_line_str
                0x00000000000000e8       0x1a counter_la_merge.elf-counter_la_merge.o
                                        0x13a (size before relaxing)
 .debug_line_str
                0x0000000000000102       0x94 /opt/riscv/lib/gcc/riscv32-unknown-elf/12.1.0/libgcc.a(muldi3.o)

.debug_info     0x0000000000000000      0x84b
 .debug_info    0x0000000000000000       0x25 counter_la_merge.elf-crt0_vex.o
 .debug_info    0x0000000000000025      0x1a3 counter_la_merge.elf-isr.o
 .debug_info    0x00000000000001c8      0x437 counter_la_merge.elf-merge.o
 .debug_info    0x00000000000005ff      0x21d counter_la_merge.elf-counter_la_merge.o
 .debug_info    0x000000000000081c       0x2f /opt/riscv/lib/gcc/riscv32-unknown-elf/12.1.0/libgcc.a(muldi3.o)

.debug_abbrev   0x0000000000000000      0x4be
 .debug_abbrev  0x0000000000000000       0x14 counter_la_merge.elf-crt0_vex.o
 .debug_abbrev  0x0000000000000014      0x131 counter_la_merge.elf-isr.o
 .debug_abbrev  0x0000000000000145      0x1fc counter_la_merge.elf-merge.o
 .debug_abbrev  0x0000000000000341      0x15c counter_la_merge.elf-counter_la_merge.o
 .debug_abbrev  0x000000000000049d       0x21 /opt/riscv/lib/gcc/riscv32-unknown-elf/12.1.0/libgcc.a(muldi3.o)

.debug_aranges  0x0000000000000000      0x100
 .debug_aranges
                0x0000000000000000       0x20 counter_la_merge.elf-crt0_vex.o
 .debug_aranges
                0x0000000000000020       0x20 counter_la_merge.elf-isr.o
 .debug_aranges
                0x0000000000000040       0x80 counter_la_merge.elf-merge.o
 .debug_aranges
                0x00000000000000c0       0x20 counter_la_merge.elf-counter_la_merge.o
 .debug_aranges
                0x00000000000000e0       0x20 /opt/riscv/lib/gcc/riscv32-unknown-elf/12.1.0/libgcc.a(muldi3.o)

.debug_str      0x0000000000000000      0x33b
 .debug_str     0x0000000000000000       0x60 counter_la_merge.elf-crt0_vex.o
 .debug_str     0x0000000000000060      0x139 counter_la_merge.elf-isr.o
                                        0x17a (size before relaxing)
 .debug_str     0x0000000000000199       0xb5 counter_la_merge.elf-merge.o
                                        0x1da (size before relaxing)
 .debug_str     0x000000000000024e       0x50 counter_la_merge.elf-counter_la_merge.o
                                        0x18a (size before relaxing)
 .debug_str     0x000000000000029e       0x9d /opt/riscv/lib/gcc/riscv32-unknown-elf/12.1.0/libgcc.a(muldi3.o)
                                         0xa9 (size before relaxing)

.debug_frame    0x0000000000000000      0x4a0
 .debug_frame   0x0000000000000000      0x118 counter_la_merge.elf-isr.o
 .debug_frame   0x0000000000000118      0x224 counter_la_merge.elf-merge.o
 .debug_frame   0x000000000000033c      0x164 counter_la_merge.elf-counter_la_merge.o

.debug_rnglists
                0x0000000000000000       0x82
 .debug_rnglists
                0x0000000000000000       0x82 counter_la_merge.elf-merge.o
